
> buysmartlynow-react@2.1.0 build
> vite build

[36mvite v5.4.21 [32mbuilding for production...[36m[39m
transforming...
[32mΓ£ô[39m 17 modules transformed.
node.exe : [31mx[39m Build failed in 6.48s
At line:1 char:1
+ & "C:\Program Files\nodejs/node.exe" "C:\Program 
Files\nodejs/node_mo ...
+ ~~~~~~~~~~~~~~~~~~~~~~~~~~~~~~~~~~~~~~~~~~~~~~~~~~~
~~~~~~~~~~~~~~~~~~
    + CategoryInfo          : NotSpecified: ([31mx 
   [39m Build failed in 6.48s:String) [], RemoteExc  
  eption
    + FullyQualifiedErrorId : NativeCommandError
 
[31merror during build:
[31m[vite:esbuild] Transform failed with 1 error:
C:/Users/epeac/Downloads/Coding-/BuySmartlyNow-React/
src/pages/ProductDetail.jsx:45:48: ERROR: Expected 
";" but found "aspect"[31m
file: [36mC:/Users/epeac/Downloads/Coding-/BuySmartl
yNow-React/src/pages/ProductDetail.jsx:45:48[31m
[33m
[33mExpected ";" but found "aspect"[33m
43 |                                      key={idx} 
44 |                                      
onClick={() => setSelectedImage(idx)}
45 |                                      
className={`aspect - square border rounded - xl p - 
2 cursor - pointer transition - all bg - gray - 50 
${ selectedImage === idx ? 'border-secondary ring-1 
ring-secondary' : 'border-gray-100 
hover:border-gray-300' } `}
   |                                                 
 ^
46 |                                  >
47 |                                      <img 
src={img} alt="Thumb" className="w-full h-full 
object-contain mix-blend-multiply" />
[31m
    at failureErrorWithLog (C:\Users\epeac\Downloads\
Coding-\BuySmartlyNow-React\node_modules\esbuild\lib\
main.js:1472:15)
    at C:\Users\epeac\Downloads\Coding-\BuySmartlyNow
-React\node_modules\esbuild\lib\main.js:755:50
    at responseCallbacks.<computed> (C:\Users\epeac\D
ownloads\Coding-\BuySmartlyNow-React\node_modules\esb
uild\lib\main.js:622:9)
    at handleIncomingPacket (C:\Users\epeac\Downloads
\Coding-\BuySmartlyNow-React\node_modules\esbuild\lib
\main.js:677:12)
    at Socket.readFromStdout (C:\Users\epeac\Download
s\Coding-\BuySmartlyNow-React\node_modules\esbuild\li
b\main.js:600:7)
    at Socket.emit (node:events:519:28)
    at addChunk 
(node:internal/streams/readable:561:12)
    at readableAddChunkPushByteMode 
(node:internal/streams/readable:512:3)
    at Readable.push 
(node:internal/streams/readable:392:5)
    at Pipe.onStreamRead 
(node:internal/stream_base_commons:189:23)[39m
